test_files/ascii_tilde.input: very short file (no magic)
