test_files/utf8_valid_invalid.input: ISO-8859 text
