test_files/utf8_ascii.input: very short file (no magic)
